<html>
<body>
<pre>
<h1>µVision Build Log</h1>
<h2>Tool Versions:</h2>
IDE-Version: ¦ÌVision V5.31.0.0
Copyright (C) 2020 ARM Ltd and ARM Germany GmbH. All rights reserved.
License Information: 1 ASUS, 1, LIC=----
 
Tool Versions:
Toolchain:       MDK-Lite  Version: 5.31.0.0
Toolchain Path:  E:\keil\keil5\ARM\ARMCLANG\Bin
C Compiler:      ArmClang.exe V6.14
Assembler:       Armasm.exe V6.14
Linker/Locator:  ArmLink.exe V6.14
Library Manager: ArmAr.exe V6.14
Hex Converter:   FromElf.exe V6.14
CPU DLL:         SARMCM3.DLL V5.31.0.0
Dialog DLL:      DARMSTM.DLL V1.68.0.0
Target DLL:      UL2CM3.DLL V1.163.4.0
Dialog DLL:      DARMSTM.DLL V1.68.0.0
 
<h2>Project:</h2>
E:\qrs-text3\text2\text3-2.uvprojx
Project File Date:  10/11/2022

<h2>Output:</h2>
*** Using Compiler 'V6.14', folder: 'E:\keil\keil5\ARM\ARMCLANG\Bin'
Rebuild target 'Target 1'
assembling startup_stm32f10x_hd.s...
RTE/Device/STM32F103ZE/system_stm32f10x.c(167): warning: no previous extern declaration for non-static variable 'AHBPrescTable' [-Wmissing-variable-declarations]
__I uint8_t AHBPrescTable[16] = {0, 0, 0, 0, 0, 0, 0, 0, 1, 2, 3, 4, 6, 7, 8, 9};
            ^
RTE/Device/STM32F103ZE/system_stm32f10x.c(167): note: declare 'static' if the variable is not intended to be used outside of this translation unit
__I uint8_t AHBPrescTable[16] = {0, 0, 0, 0, 0, 0, 0, 0, 1, 2, 3, 4, 6, 7, 8, 9};
    ^
1 warning generated.
compiling system_stm32f10x.c...
"text3-2.s", line 10 (column 14): Warning: A1865W: '#' not seen before constant expression
   10 00000014   STR R9,[R2,4]
                            ^
"text3-2.s", line 12 (column 14): Warning: A1865W: '#' not seen before constant expression
   12 0000001c   STR R9,[R2,8]
                            ^
"text3-2.s", line 14 (column 14): Warning: A1865W: '#' not seen before constant expression
   14 00000024   STR R9,[R2,12]
                            ^
"text3-2.s", line 16 (column 14): Warning: A1865W: '#' not seen before constant expression
   16 0000002c   STR R9,[R2,16]
                            ^
"text3-2.s", line 18 (column 14): Warning: A1865W: '#' not seen before constant expression
   18 00000034   STR R9,[R2,20]
                            ^
"text3-2.s", line 20 (column 14): Warning: A1865W: '#' not seen before constant expression
   20 0000003c   STR R9,[R2,24]
                            ^
0 Errors, 6 Warnings
assembling text3-2.s...
linking...
Program Size: Code=496 RO-data=304 RW-data=0 ZI-data=1536  
FromELF: creating hex file...
".\Objects\text3-2.axf" - 0 Error(s), 1 Warning(s).

<h2>Software Packages used:</h2>

Package Vendor: ARM
                http://www.keil.com/pack/ARM.CMSIS.5.7.0.pack
                ARM.CMSIS.5.7.0
                CMSIS (Cortex Microcontroller Software Interface Standard)
   * Component: CORE Version: 5.4.0

Package Vendor: Keil
                http://www.keil.com/pack/Keil.STM32F1xx_DFP.2.1.0.pack
                Keil.STM32F1xx_DFP.2.1.0
                STMicroelectronics STM32F1 Series Device Support, Drivers and Examples
   * Component: Startup Version: 1.0.0

<h2>Collection of Component include folders:</h2>
  .\RTE\Device\STM32F103ZE
  .\RTE\_Target_1
  E:\keil\keil5\ARM\CMSIS\5.7.0\CMSIS\Core\Include
  E:\keil\keil5\Keil\STM32F1xx_DFP\2.1.0\Device\Include

<h2>Collection of Component Files used:</h2>

   * Component: ARM::CMSIS:CORE:5.4.0

   * Component: Keil::Device:Startup:1.0.0
      Source file:   Device\Source\ARM\STM32F1xx_OPT.s
      Source file:   Device\Source\system_stm32f10x.c
      Source file:   Device\Source\ARM\startup_stm32f10x_hd.s
      Include file:  RTE_Driver\Config\RTE_Device.h
Build Time Elapsed:  00:00:01
</pre>
</body>
</html>
